renderer/components/views/OfficerProfileForm.tsx(30,7): error TS6133: '_CustomAutocomplete' is declared but its value is never read.
